통합 결정 16628, 피처 40, 후보평균 12.3, 퇴화(자동정답) 106 (0.6%)
  fold 0 linear 완료
  fold 0 mlp H=16 완료
  fold 1 linear 완료
  fold 1 mlp H=16 완료
  fold 2 linear 완료
  fold 2 mlp H=16 완료

3-폴드 CV, 에폭 체크포인트 — 전체(비퇴화) / ★그룹내(배포정합)
에폭    linear 전체 / 그룹내      mlp16 전체 / 그룹내
  40    38.01% / 55.51%        38.23% / 57.13%
  80    36.67% / 55.40%        38.79% / 56.94%
 120    37.45% / 55.78%        38.31% / 56.65%
 180    36.01% / 55.84%        39.52% / 57.17%

[전체(참고)] linear 최고 38.01%@ep40 vs mlp16 최고 39.52%@ep180 → 차이 +1.51%p ± 0.26

[★그룹내(판정지표)] linear 최고 55.84%@ep180 vs mlp16 최고 57.17%@ep180 → 차이 +1.32%p ± 0.56

마지막 폴드 타입별 ★그룹내 top-1 (무작위 → linear → mlp16):
  use_ship_action        n=1251  36% → 73% → 75%
  upgrade_structure      n= 845  30% → 28% → 29%
  advance_research       n= 805  24% → 49% → 48%
  build_mine             n= 438  31% → 59% → 59%
  use_power_action       n= 381  30% → 48% → 45%
  enter_spaceship        n= 175  41% → 66% → 66%
  form_federation        n= 150  26% → 100% → 100%
  place_gaiaformer       n=  83  31% → 72% → 72%
  use_tech_action        n=  62  49% → 44% → 44%

게이트: ★그룹내 차이가 +2%p 이상 & > 2×SE 여야 봇 통합/h2h로 진행.
